# Function Micro-Species Report -- v2.4.6
# Generated: 2026-08-07T17:42:27Z
# Source commit (this repo): 3e325c9b5367fe8a650c21524b910082dd7474e9
# Tooling commit (gitgalaxy-population-analyses): 70de889294917d4ae2846f3f147bebc6d9d975f0
# Methodology: https://github.com/squid-protocol/gitgalaxy/issues/1144

📡 Connecting to master_db_v2.4.6.db...
🌌 Extracting 75-Dimensional Function Micro-Species (This may take 30-90 seconds)...

==============================================================================================================
 🌍 PHASE 0: GLOBAL POPULATION DIAGNOSTIC
==============================================================================================================
   - Total Functions Analyzed: 4,247,790
   - Global Max Complexity Found: 3,238
   - Average Function LOC: 21.5
   - Average Z-Score (Dispersion): 0.03

==============================================================================================================
 📊 PHASE 1: MACRO ARCHITECTURE BY MICRO-SPECIES
==============================================================================================================
Function Archetype                                 | % Ecosys | Z-Min   | Z-Med   | Z-Mean  | Z-Max
---------------------------------------------------------------------------------------------------------
fxn_cluster_4                                      |    78.7% |   -9.38 |   -0.22 |    0.05 |   15.78
fxn_cluster_6                                      |    11.1% |   -7.91 |   -0.23 |   -0.02 |   15.78
fxn_cluster_10                                     |     4.4% |   -7.48 |    0.00 |    0.33 |   15.72
fxn_cluster_1                                      |     4.0% |   -3.53 |   -0.41 |   -0.42 |    0.00
fxn_cluster_5                                      |     0.8% |   -7.91 |   -0.43 |   -0.42 |    0.00
fxn_cluster_8                                      |     0.5% |   -3.00 |   -0.54 |   -0.50 |    2.65
fxn_cluster_2                                      |     0.2% |   -2.24 |   -0.41 |   -0.42 |    2.24
fxn_cluster_11                                     |     0.2% |   -2.00 |   -0.25 |   -0.02 |    8.43
fxn_cluster_3                                      |     0.1% |   -2.82 |   -0.42 |   -0.43 |    0.00
fxn_cluster_0                                      |     0.0% |   -1.00 |    0.50 |    0.95 |    5.43

==============================================================================================================
 🧬 PHASE 2: LANGUAGE DOMINANCE PER MICRO-SPECIES
==============================================================================================================
   fxn_cluster_4 -> c (19.2%), java (14.4%), python (11.1%)
   fxn_cluster_6 -> c (52.0%), cpp (15.3%), shell (6.3%)
   fxn_cluster_10 -> c (34.1%), cpp (12.4%), dart (10.9%)
   fxn_cluster_1 -> cpp (40.9%), c (21.9%), python (12.2%)
   fxn_cluster_5 -> javascript (34.2%), typescript (19.7%), c (16.5%)
   fxn_cluster_8 -> c (47.7%), typescript (12.0%), javascript (11.6%)
   fxn_cluster_2 -> python (27.2%), rust (22.2%), cpp (14.1%)
   fxn_cluster_11 -> javascript (22.5%), assembly (18.6%), typescript (16.7%)
   fxn_cluster_3 -> javascript (27.1%), typescript (20.4%), c (18.8%)
   fxn_cluster_0 -> javascript (22.6%), cpp (19.4%), zig (19.4%)

==============================================================================================================
 👾 PHASE 3: THE 'GOD FUNCTION' HUNT (ABSOLUTE HIGHEST COMPLEXITIES)
==============================================================================================================
1. Anonymous_Block_[Truncated] [shell]
   ↳ Complexity: 3,238 | LOC: 7,251 | Args: 1
   ↳ Species: fxn_cluster_4
   ↳ Path: usr/src/contrib/ast/src/cmd/INIT/package.sh...

2. banana [rust]
   ↳ Complexity: 2,547 | LOC: 2,548 | Args: 3
   ↳ Species: fxn_cluster_4
   ↳ Path: tests/ui/expr/if/expr-stack-overflow.rs...

3. msvcp110_dll_lookup [cpp]
   ↳ Complexity: 2,507 | LOC: 559 | Args: 0
   ↳ Species: fxn_cluster_4
   ↳ Path: deps/LIEF/src/PE/utils/ordinals_lookup_tables/msvcp110_dll_lookup.hpp...

4. msvcp120_dll_lookup [cpp]
   ↳ Complexity: 2,501 | LOC: 559 | Args: 0
   ↳ Species: fxn_cluster_4
   ↳ Path: deps/LIEF/src/PE/utils/ordinals_lookup_tables/msvcp120_dll_lookup.hpp...

5. nssl_2mom_gs [fortran]
   ↳ Complexity: 2,493 | LOC: 9,963 | Args: 2
   ↳ Species: fxn_cluster_4
   ↳ Path: phys/module_mp_nssl_2mom.F...

 🕵️‍♂️ PHASE 4: ARCHITECTURAL ANOMALIES (HIGHEST Z-SCORES)
==============================================================================================================
 These functions were forced into a cluster but mathematically fight their classification.
 High probability of malware, massive technical debt, or multi-purpose God Nodes.

1. RTW89_SET_FWCMD_NOA_CTWINDOW [c]
   ↳ Z-Score Dispersion: 15.78 ⚠️
   ↳ Hiding inside: fxn_cluster_4
   ↳ Path: drivers/net/wireless/realtek/rtw89/fw.h...

2. TestEntryPoint [csharp]
   ↳ Z-Score Dispersion: 15.78 ⚠️
   ↳ Hiding inside: fxn_cluster_4
   ↳ Path: src/tests/JIT/jit64/opt/cg/cgstress/CgStress2.cs...

3. TestEntryPoint [csharp]
   ↳ Z-Score Dispersion: 15.78 ⚠️
   ↳ Hiding inside: fxn_cluster_4
   ↳ Path: src/tests/JIT/jit64/opt/cg/cgstress/CgStress3.cs...

4. TestEntryPoint [csharp]
   ↳ Z-Score Dispersion: 15.78 ⚠️
   ↳ Hiding inside: fxn_cluster_4
   ↳ Path: src/tests/Loader/classloader/regressions/245191/nullenum1000.cs...

5. v_lsx_palignr_u8 [cpp]
   ↳ Z-Score Dispersion: 15.78 ⚠️
   ↳ Hiding inside: fxn_cluster_6
   ↳ Path: modules/core/include/opencv2/core/hal/intrin_lsx.hpp...

 💎 PHASE 5: THE PURE EXEMPLARS (MATHEMATICAL CENTROIDS)
==============================================================================================================
 These are the single most 'perfect' representations of each architectural cluster.
 Their DNA matches the centroid almost exactly (Z-Score approaching 0.0).

 fxn_cluster_0: f [typescript]
   ↳ Z-Score: -1.0000 | LOC: 3 | Comp: 2
   ↳ Path: tests/baselines/reference/convertToAsyncFunction/convertToAsyncFunction_MultipleCatches.ts...
 fxn_cluster_1: keyframes [css]
   ↳ Z-Score: -3.5280 | LOC: 4 | Comp: 0
   ↳ Path: registry/src/css/main.css...
 fxn_cluster_10: test [dart]
   ↳ Z-Score: -7.4830 | LOC: 127 | Comp: 0
   ↳ Path: pkg/front_end/testcases/nnbd/field_vs_setter.dart...
 fxn_cluster_11: setup [javascript]
   ↳ Z-Score: -2.0000 | LOC: 3 | Comp: 1
   ↳ Path: addons/website/static/src/interactions/cookies/cookies_approval.js...
 fxn_cluster_2: refail [typescript]
   ↳ Z-Score: -2.2360 | LOC: 3 | Comp: 0
   ↳ Path: packages/cluster/src/ClusterError.ts...
 fxn_cluster_3: OBJ_GETTER0 [cpp]
   ↳ Z-Score: -2.8220 | LOC: 3 | Comp: 0
   ↳ Path: kotlin-native/runtime/src/test_support/cpp/CompilerGenerated.cpp...
 fxn_cluster_4: visitFakeExpressionEnterNode [kotlin]
   ↳ Z-Score: -9.3810 | LOC: 3 | Comp: 0
   ↳ Path: compiler/fir/semantics/src/org/jetbrains/kotlin/fir/resolve/dfa/cfg/ControlFlowGraphVisito...
 fxn_cluster_5: DAA_C_FLAG [assembly]
   ↳ Z-Score: -7.9060 | LOC: 3 | Comp: 0
   ↳ Path: EMU/GameBoy/CPU.ASM...
 fxn_cluster_6: CPU_CB_INST [assembly]
   ↳ Z-Score: -7.9060 | LOC: 17 | Comp: 0
   ↳ Path: EMU/GameBoy/CPU.ASM...
 fxn_cluster_8: PyInit__distance_wrap [c]
   ↳ Z-Score: -3.0000 | LOC: 5 | Comp: 0
   ↳ Path: scipy/spatial/src/distance_wrap.c...

 📏 PHASE 6: Z-SCORE QUANTILE DISTRIBUTION
==============================================================================================================
 This shows the shape of the 'Anomaly Tail' for each cluster.
Function Archetype                            | 25th   | 50th   | 75th   | 95th   | Max
--------------------------------------------------------------------------------------------------------------
fxn_cluster_4                                 |  -0.51 |  -0.22 |   0.17 |   2.03 |  15.78
fxn_cluster_6                                 |  -0.52 |  -0.23 |   0.14 |   1.66 |  15.78
fxn_cluster_10                                |  -0.41 |   0.00 |   0.91 |   2.55 |  15.72
fxn_cluster_1                                 |  -0.62 |  -0.41 |  -0.19 |   0.00 |   0.00
fxn_cluster_5                                 |  -0.68 |  -0.43 |   0.00 |   0.00 |   0.00
fxn_cluster_8                                 |  -0.74 |  -0.54 |  -0.20 |   0.00 |   2.65
fxn_cluster_2                                 |  -0.60 |  -0.41 |  -0.19 |   0.00 |   2.24
fxn_cluster_11                                |  -0.49 |  -0.25 |   0.03 |   1.58 |   8.43
fxn_cluster_3                                 |  -0.66 |  -0.42 |   0.00 |   0.00 |   0.00
fxn_cluster_0                                 |   0.00 |   0.50 |   1.72 |   3.38 |   5.43


🎨 Rendering Visualizations to disk...
✅ Saved Density Plot: func_species_complexity_violin.png
✅ Saved Anomaly Scatter Plot: func_species_anomaly_scatter.png
✅ Saved Z-Score Strip Plot: func_species_zscore_stripplot.png
✅ Saved Keyword Density Plot: func_species_keyword_density.png
✅ Saved Logic Density Plot: func_species_logic_density.png

================================================================================
 🚀 FUNCTION SUITE ANALYSIS COMPLETE
================================================================================

